V3 10
FL /home/x3r1x/Documents/Study/BMS/Programmable/PLD/lab7/lab7.1/main.vhf 2026/01/07.05:35:50 P.20131013
EN work/main 1767753352 \
      FL /home/x3r1x/Documents/Study/BMS/Programmable/PLD/lab7/lab7.1/main.vhf \
      PB ieee/std_logic_1164 1381692176 PB ieee/NUMERIC_STD 1381692181 LB UNISIM \
      PH unisim/VCOMPONENTS 1381692182
AR work/main/BEHAVIORAL 1767753353 \
      FL /home/x3r1x/Documents/Study/BMS/Programmable/PLD/lab7/lab7.1/main.vhf \
      EN work/main 1767753352 CP AND2 CP NAND2 CP OR2 CP NOR2 CP XOR2 CP XNOR2
