Release 14.7 - xst P.20131013 (nt64)
Copyright (c) 1995-2013 Xilinx, Inc.  All rights reserved.
--> Parameter TMPDIR set to xst/projnav.tmp


Total REAL time to Xst completion: 0.00 secs
Total CPU time to Xst completion: 0.09 secs
 
--> Parameter xsthdpdir set to xst


Total REAL time to Xst completion: 0.00 secs
Total CPU time to Xst completion: 0.09 secs
 
--> Reading design: main_vhd.prj

TABLE OF CONTENTS
  1) Synthesis Options Summary
  2) HDL Parsing
  3) HDL Elaboration
  4) HDL Synthesis
       4.1) HDL Synthesis Report
  5) Advanced HDL Synthesis
       5.1) Advanced HDL Synthesis Report
  6) Low Level Synthesis
  7) Partition Report
  8) Design Summary
       8.1) Primitive and Black Box Usage
       8.2) Device utilization summary
       8.3) Partition Resource Summary
       8.4) Timing Report
            8.4.1) Clock Information
            8.4.2) Asynchronous Control Signals Information
            8.4.3) Timing Summary
            8.4.4) Timing Details
            8.4.5) Cross Clock Domains Report


=========================================================================
*                      Synthesis Options Summary                        *
=========================================================================
---- Source Parameters
Input File Name                    : "main_vhd.prj"
Ignore Synthesis Constraint File   : NO

---- Target Parameters
Output File Name                   : "main_vhd"
Output Format                      : NGC
Target Device                      : xc6slx16-2-csg324

---- Source Options
Top Module Name                    : main_vhd
Automatic FSM Extraction           : YES
FSM Encoding Algorithm             : Auto
Safe Implementation                : No
FSM Style                          : LUT
RAM Extraction                     : Yes
RAM Style                          : Auto
ROM Extraction                     : Yes
Shift Register Extraction          : YES
ROM Style                          : Auto
Resource Sharing                   : YES
Asynchronous To Synchronous        : NO
Shift Register Minimum Size        : 2
Use DSP Block                      : Auto
Automatic Register Balancing       : No

---- Target Options
LUT Combining                      : Auto
Reduce Control Sets                : Auto
Add IO Buffers                     : YES
Global Maximum Fanout              : 100000
Add Generic Clock Buffer(BUFG)     : 16
Register Duplication               : YES
Optimize Instantiated Primitives   : NO
Use Clock Enable                   : Auto
Use Synchronous Set                : Auto
Use Synchronous Reset              : Auto
Pack IO Registers into IOBs        : Auto
Equivalent register Removal        : YES

---- General Options
Optimization Goal                  : Speed
Optimization Effort                : 1
Power Reduction                    : NO
Keep Hierarchy                     : No
Netlist Hierarchy                  : As_Optimized
RTL Output                         : Yes
Global Optimization                : AllClockNets
Read Cores                         : YES
Write Timing Constraints           : NO
Cross Clock Analysis               : NO
Hierarchy Separator                : /
Bus Delimiter                      : <>
Case Specifier                     : Maintain
Slice Utilization Ratio            : 100
BRAM Utilization Ratio             : 100
DSP48 Utilization Ratio            : 100
Auto BRAM Packing                  : NO
Slice Utilization Ratio Delta      : 5

=========================================================================


=========================================================================
*                          HDL Parsing                                  *
=========================================================================
Parsing VHDL file "C:\BMS\Two_stage_reg\main.vhd" into library work
Parsing entity <main>.
Parsing architecture <Behavioral> of entity <main_vhd>.
ERROR:HDLCompiler:374 - "C:\BMS\Two_stage_reg\main.vhd" Line 42: Entity <main_vhd> is not yet compiled.
ERROR:HDLCompiler:69 - "C:\BMS\Two_stage_reg\main.vhd" Line 43: <std_logic_vector> is not declared.
ERROR:HDLCompiler:69 - "C:\BMS\Two_stage_reg\main.vhd" Line 44: <std_logic_vector> is not declared.
ERROR:HDLCompiler:69 - "C:\BMS\Two_stage_reg\main.vhd" Line 50: <serial> is not declared.
ERROR:HDLCompiler:24 - "C:\BMS\Two_stage_reg\main.vhd" Line 52: "**" expects 2 arguments
ERROR:HDLCompiler:69 - "C:\BMS\Two_stage_reg\main.vhd" Line 53: <serial> is not declared.
ERROR:HDLCompiler:69 - "C:\BMS\Two_stage_reg\main.vhd" Line 55: <serial> is not declared.
ERROR:HDLCompiler:69 - "C:\BMS\Two_stage_reg\main.vhd" Line 51: <shcp> is not declared.
ERROR:HDLCompiler:989 - "C:\BMS\Two_stage_reg\main.vhd" Line 51: Attribute event requires a static signal prefix
ERROR:HDLCompiler:69 - "C:\BMS\Two_stage_reg\main.vhd" Line 49: <mr> is not declared.
ERROR:HDLCompiler:69 - "C:\BMS\Two_stage_reg\main.vhd" Line 47: <mr> is not declared.
ERROR:HDLCompiler:69 - "C:\BMS\Two_stage_reg\main.vhd" Line 60: <q7s> is not declared.
ERROR:HDLCompiler:69 - "C:\BMS\Two_stage_reg\main.vhd" Line 66: <parallel> is not declared.
ERROR:HDLCompiler:69 - "C:\BMS\Two_stage_reg\main.vhd" Line 65: <stcp> is not declared.
ERROR:HDLCompiler:989 - "C:\BMS\Two_stage_reg\main.vhd" Line 65: Attribute event requires a static signal prefix
ERROR:HDLCompiler:69 - "C:\BMS\Two_stage_reg\main.vhd" Line 63: <stcp> is not declared.
ERROR:HDLCompiler:69 - "C:\BMS\Two_stage_reg\main.vhd" Line 74: <q> is not declared.
ERROR:HDLCompiler:69 - "C:\BMS\Two_stage_reg\main.vhd" Line 76: <q> is not declared.
ERROR:HDLCompiler:69 - "C:\BMS\Two_stage_reg\main.vhd" Line 73: <oe> is not declared.
Sorry, too many errors..
--> 

Total memory usage is 4452128 kilobytes

Number of errors   :   19 (   0 filtered)
Number of warnings :    0 (   0 filtered)
Number of infos    :    0 (   0 filtered)

